CACI COMNET III  Release 1.3 (Build 1220)  Sun Oct 27 17:23:21 2024   PAGE     1

                                    projekt                                     

                           LINKS: CHANNEL UTILIZATION                           

                     REPLICATION 1 FROM 0.0 TO 5.0 SECONDS                      

                             FRAMES           TRANSMISSION DELAY (MS)       %
LINK                   DELIVERED RST/ERR  AVERAGE    STD DEV    MAXIMUM   UTIL
_____________________  _________ ______  _________  _________  _________  _____

CSMA/CA link               17258      0      2.312      6.037    146.917  46.20


CACI COMNET III  Release 1.3 (Build 1220)  Sun Oct 27 17:23:21 2024   PAGE     2

                                    projekt                                     

                             LINKS: COLLISION STATS                             

                     REPLICATION 1 FROM 0.0 TO 5.0 SECONDS                      


LINK NAME                  CSMA/CA  
                             link   
                                    

ACCESS PROTOCOL              CSMA/CA

COLLISION EPISODES              4443

COLLIDED FRAMES                 9471

NBR OF TRIES TO RESOLVE
  AVERAGE                       1.56
  STANDARD DEVIATION            0.95
  MAXIMUM                          7

NBR OF DEFERRALS               17264

DEFERRAL DELAY  (MS)
  AVERAGE                       0.62
  STANDARD DEVIATION            0.43
  MAXIMUM                       2.51

DEFERRAL QUEUE SIZE  (FRAMES)
  AVERAGE                       2.13
  STANDARD DEVIATION            1.21
  MAXIMUM                          8

MULTIPLE COLLISION EPISODES
  NBR EPISODES                   532
  AVG PER EPISODE               3.10
  MAX PER EPISODE                  5



CACI COMNET III  Release 1.3 (Build 1220)  Sun Oct 27 17:23:21 2024   PAGE     3

                                    projekt                                     

                 MESSAGE + RESPONSE SOURCES: MESSAGE DELIVERED                  

                     REPLICATION 1 FROM 0.0 TO 5.0 SECONDS                      

ORIGIN / MSG SRC NAME:  MESSAGES          MESSAGE DELAY (MILLISECONDS)
  DESTINATION LIST      ASSEMBLED      AVERAGE       STD DEV       MAXIMUM
______________________  _________   ____________  ____________  ____________

Computer group / src Message Source:
  Computer group            17254       1986.657      1144.304      4054.055
